// Vitest Snapshot v1, https://vitest.dev/guide/snapshot.html

exports[`BirthYear > should match snapshot 1`] = `
<p
  data-testid="birthyear"
>
  Birth year: 
  VALUE
</p>
`;
