// Vitest Snapshot v1, https://vitest.dev/guide/snapshot.html

exports[`Director > should match snapshot 1`] = `
<p
  data-testid="director"
>
  Director
  : 
  VALUE
</p>
`;
