// Vitest Snapshot v1, https://vitest.dev/guide/snapshot.html

exports[`Edited > should match snapshot 1`] = `
<p
  data-testid="edited"
>
  Edited
  : 
  10/12/2014 00:50:51
</p>
`;
