// Vitest Snapshot v1, https://vitest.dev/guide/snapshot.html

exports[`Episode > should match snapshot 1`] = `
<p
  data-testid="episode"
>
  Episode
  : 
  VALUE
</p>
`;
