// Vitest Snapshot v1, https://vitest.dev/guide/snapshot.html

exports[`Gender > should match snapshot 1`] = `
<p
  data-testid="gender"
>
  Gender
  : 
  VALUE
</p>
`;
