// Vitest Snapshot v1, https://vitest.dev/guide/snapshot.html

exports[`HomeWorld > should match snapshot 1`] = `
<p
  data-testid="homeworld"
>
  Home world
  : 
  VALUE
</p>
`;
