// Vitest Snapshot v1, https://vitest.dev/guide/snapshot.html

exports[`LabelValue > should match snapshot 1`] = `
<p
  data-testid="testid"
>
  LABEL
  : 
  VALUE
</p>
`;
