// Vitest Snapshot v1, https://vitest.dev/guide/snapshot.html

exports[`Mass > should match snapshot 1`] = `
<p
  data-testid="mass"
>
  Mass: 
  VALUE
</p>
`;
