// Vitest Snapshot v1, https://vitest.dev/guide/snapshot.html

exports[`Producer > should match snapshot 1`] = `
<p
  data-testid="producer"
>
  Producer
  : 
  VALUE
</p>
`;
