// Vitest Snapshot v1, https://vitest.dev/guide/snapshot.html

exports[`ReleaseDate > should match snapshot 1`] = `
<p
  data-testid="releasedate"
>
  Release date
  : 
  VALUE
</p>
`;
