// Vitest Snapshot v1, https://vitest.dev/guide/snapshot.html

exports[`SkinColor > should match snapshot 1`] = `
<p
  data-testid="skincolor"
>
  Skin color
  : 
  VALUE
</p>
`;
